../Core/services/svc_heading.c:27:6:Heading_Init	8	static
../Core/services/svc_heading.c:40:6:Heading_Calibrate	40	static
../Core/services/svc_heading.c:64:6:Heading_Update	24	static
../Core/services/svc_heading.c:79:7:Heading_GetYaw	4	static
../Core/services/svc_heading.c:84:7:Heading_GetPitch	4	static
../Core/services/svc_heading.c:89:7:Heading_GetRoll	4	static
../Core/services/svc_heading.c:94:7:Heading_GetTemp	8	static
../Core/services/svc_heading.c:101:6:Heading_Print	40	static
../Core/services/svc_heading.c:108:6:TestWhoAmI	24	static
